allen@allen-PC MINGW64 /e/web-front/npm-init (master)
$ npm init -y
Wrote to E:\web-front\npm-init\package.json:

{
  "name": "npm-init",
  "version": "1.0.0",
  "description": "",
  "main": "index.js",
  "scripts": {
    "test": "echo \"Error: no test specified\" && exit 1"
  },
  "repository": {
    "type": "git",
    "url": "git+https://github.com/liyunpeng/npm-init.git"
  },
  "keywords": [],
  "author": "",
  "license": "ISC",
  "bugs": {
    "url": "https://github.com/liyunpeng/npm-init/issues"
  },
  "homepage": "https://github.com/liyunpeng/npm-init#readme"
}



allen@allen-PC MINGW64 /e/web-front/npm-init (master)
$ npm i vue --save
npm notice created a lockfile as package-lock.json. You should commit this file.
npm WARN npm-init@1.0.0 No description

+ vue@2.6.11
added 1 package from 1 contributor and audited 1 package in 3.018s
found 0 vulnerabilities


allen@allen-PC MINGW64 /e/web-front/npm-init (master)
$ ls node_modules/vue/
dist/  LICENSE  package.json  README.md  src/  types/


$ npm i webpack webpack-dev-server --save-dev
npm WARN npm-init@1.0.0 No description
npm WARN optional SKIPPING OPTIONAL DEPENDENCY: fsevents@1.2.11 (node_modules\fsevents):
npm WARN notsup SKIPPING OPTIONAL DEPENDENCY: Unsupported platform for fsevents@1.2.11: wanted {"os":"darwin","arch":"any"} (current: {"os":"win32","arch":"x64"})

+ webpack-dev-server@3.10.3
+ webpack@4.41.5
added 539 packages from 347 contributors and audited 7783 packages in 214.852s

17 packages are looking for funding
  run `npm fund` for details

found 0 vulnerabilities

$ ls node_modules/
'@types'/                        lodash/
'@webassemblyjs'/                loglevel/
'@xtuc'/                         lru-cache/
 accepts/                        make-dir/
 acorn/                          mamacro/
 ajv/                            map-age-cleaner/
 ajv-errors/                     map-cache/
 ajv-keywords/                   map-visit/
 ansi-colors/                    md5.js/
 ansi-html/                      media-typer/
 ansi-regex/                     mem/
 anymatch/                       memory-fs/
 aproba/                         merge-descriptors/
 array-flatten/                  methods/
 array-union/                    micromatch/
 array-uniq/                     miller-rabin/
 array-unique/                   mime/
 arr-diff/                       mime-db/
 arr-flatten/                    mime-types/
 arr-union/                      mimic-fn/
 asn1.js/                        minimalistic-assert/
 assert/                         minimalistic-crypto-utils/
 assign-symbols/                 minimatch/
 async/                          minimist/
 async-each/                     mississippi/
 async-limiter/                  mixin-deep/
 atob/                           mkdirp/
 balanced-match/                 move-concurrently/
 base/                           ms/
 base64-js/                      multicast-dns/
 batch/                          multicast-dns-se


 $ npm i webpack-cli -g
 C:\Users\allen\AppData\Roaming\npm\webpack-cli -> C:\Users\allen\AppData\Roaming\npm\node_modules\webpack-cli\bin\cli.js
 npm WARN webpack-cli@3.3.10 requires a peer of webpack@4.x.x but none is installed. You must install peer dependencies yourself.

 + webpack-cli@3.3.10
 updated 1 package in 27.812s


------------------------
$  npm i -D webpack-cli
npm WARN npm-init@1.0.0 No description
npm WARN optional SKIPPING OPTIONAL DEPENDENCY: fsevents@1.2.11 (node_modules\fsevents):
npm WARN notsup SKIPPING OPTIONAL DEPENDENCY: Unsupported platform for fsevents@1.2.11: wanted {"os":"darwin","arch":"any"} (current: {"os":"win32","arch":"x64"})

+ webpack-cli@3.3.10
added 31 packages from 25 contributors and audited 8844 packages in 27.687s

17 packages are looking for funding
  run `npm fund` for details

found 0 vulnerabilities


allen@allen-PC MINGW64 /e/web-front/npm-init (master)
$ npm run dev

> npm-init@1.0.0 dev E:\web-front\npm-init
> webpack-dev-server --open --hot

i ｢wds｣: Project is running at http://localhost:8080/
i ｢wds｣: webpack output is served from /dist/
i ｢wds｣: Content not from webpack is served from E:\web-front\npm-init
i ｢wds｣: 404s will fallback to /index.html
i ｢wdm｣: wait until bundle finished: /dist/build.js
i ｢wdm｣: Hash: a1d0b0b839901c9f79e8
Version: webpack 4.41.5
Time: 809ms
Built at: 2020-02-09 19:51:51
   Asset     Size  Chunks             Chunk Names
build.js  390 KiB    main  [emitted]  main
Entrypoint main = build.js
[0] multi (webpack)-dev-server/client?http://localhost:8080 (webpack)/hot/dev-server.js ./src/main.js 52 bytes {main} [built]
[./node_modules/strip-ansi/index.js] 161 bytes {main} [built]
[./node_modules/webpack-dev-server/client/index.js?http://localhost:8080] (webpack)-dev-server/client?http://localhost:8080 4.29 KiB {main} [built]
[./node_modules/webpack-dev-server/client/overlay.js] (webpack)-dev-server/client/overlay.js 3.51 KiB {main} [built]
[./node_modules/webpack-dev-server/client/socket.js] (webpack)-dev-server/client/socket.js 1.53 KiB {main} [built]
[./node_modules/webpack-dev-server/client/utils/createSocketUrl.js] (webpack)-dev-server/client/utils/createSocketUrl.js 2.91 KiB {main} [built]
[./node_modules/webpack-dev-server/client/utils/log.js] (webpack)-dev-server/client/utils/log.js 964 bytes {main} [built]
[./node_modules/webpack-dev-server/client/utils/reloadApp.js] (webpack)-dev-server/client/utils/reloadApp.js 1.59 KiB {main} [built]
[./node_modules/webpack-dev-server/client/utils/sendMessage.js] (webpack)-dev-server/client/utils/sendMessage.js 402 bytes {main} [built]
[./node_modules/webpack/hot sync ^\.\/log$] (webpack)/hot sync nonrecursive ^\.\/log$ 170 bytes {main} [built]
[./node_modules/webpack/hot/dev-server.js] (webpack)/hot/dev-server.js 1.59 KiB {main} [built]
[./node_modules/webpack/hot/emitter.js] (webpack)/hot/emitter.js 75 bytes {main} [built]
[./node_modules/webpack/hot/log-apply-result.js] (webpack)/hot/log-apply-result.js 1.27 KiB {main} [built]
[./node_modules/webpack/hot/log.js] (webpack)/hot/log.js 1.34 KiB {main} [built]
[./src/main.js] 36 bytes {main} [built]
    + 21 hidden modules
i ｢wdm｣: Compiled successfully.

